

================================================================
== Vivado HLS Report for 'dct_2d'
================================================================
* Date:           Thu Oct 13 22:33:02 2022

* Version:        2020.1 (Build 2897737 on Wed May 27 20:21:37 MDT 2020)
* Project:        dct_prj
* Solution:       solution2
* Product family: virtexuplus
* Target device:  xcvu9p-flgb2104-1-e


================================================================
== Performance Estimates
================================================================
+ Timing: 
    * Summary: 
    +--------+---------+----------+------------+
    |  Clock |  Target | Estimated| Uncertainty|
    +--------+---------+----------+------------+
    |ap_clk  | 8.00 ns | 4.143 ns |   1.00 ns  |
    +--------+---------+----------+------------+

+ Latency: 
    * Summary: 
    +---------+---------+-----------+-----------+------+------+---------+
    |  Latency (cycles) |   Latency (absolute)  |   Interval  | Pipeline|
    |   min   |   max   |    min    |    max    |  min |  max |   Type  |
    +---------+---------+-----------+-----------+------+------+---------+
    |     1590|     1590| 12.720 us | 12.720 us |  1590|  1590|   none  |
    +---------+---------+-----------+-----------+------+------+---------+

    + Detail: 
        * Instance: 
        +--------------------+---------+---------+---------+----------+----------+-----+-----+---------+
        |                    |         |  Latency (cycles) |  Latency (absolute) |  Interval | Pipeline|
        |      Instance      |  Module |   min   |   max   |    min   |    max   | min | max |   Type  |
        +--------------------+---------+---------+---------+----------+----------+-----+-----+---------+
        |grp_dct_1d2_fu_213  |dct_1d2  |       89|       89| 0.712 us | 0.712 us |   89|   89|   none  |
        +--------------------+---------+---------+---------+----------+----------+-----+-----+---------+

        * Loop: 
        +---------------------------------------------+---------+---------+----------+-----------+-----------+------+----------+
        |                                             |  Latency (cycles) | Iteration|  Initiation Interval  | Trip |          |
        |                  Loop Name                  |   min   |   max   |  Latency |  achieved |   target  | Count| Pipelined|
        +---------------------------------------------+---------+---------+----------+-----------+-----------+------+----------+
        |- Row_DCT_Loop                               |      728|      728|        91|          -|          -|     8|    no    |
        |- Xpose_Row_Outer_Loop_Xpose_Row_Inner_Loop  |       64|       64|         2|          1|          1|    64|    yes   |
        |- Col_DCT_Loop                               |      728|      728|        91|          -|          -|     8|    no    |
        |- Xpose_Col_Outer_Loop_Xpose_Col_Inner_Loop  |       64|       64|         2|          1|          1|    64|    yes   |
        +---------------------------------------------+---------+---------+----------+-----------+-----------+------+----------+



================================================================
== Utilization Estimates
================================================================
* Summary: 
+---------------------+---------+-------+---------+---------+-----+
|         Name        | BRAM_18K| DSP48E|    FF   |   LUT   | URAM|
+---------------------+---------+-------+---------+---------+-----+
|DSP                  |        -|      -|        -|        -|    -|
|Expression           |        -|      -|        0|      252|    -|
|FIFO                 |        -|      -|        -|        -|    -|
|Instance             |        0|      1|       84|      215|    -|
|Memory               |        3|      -|        0|        0|    0|
|Multiplexer          |        -|      -|        -|      329|    -|
|Register             |        -|      -|       78|        -|    -|
+---------------------+---------+-------+---------+---------+-----+
|Total                |        3|      1|      162|      796|    0|
+---------------------+---------+-------+---------+---------+-----+
|Available SLR        |     1440|   2280|   788160|   394080|  320|
+---------------------+---------+-------+---------+---------+-----+
|Utilization SLR (%)  |    ~0   |   ~0  |    ~0   |    ~0   |    0|
+---------------------+---------+-------+---------+---------+-----+
|Available            |     4320|   6840|  2364480|  1182240|  960|
+---------------------+---------+-------+---------+---------+-----+
|Utilization (%)      |    ~0   |   ~0  |    ~0   |    ~0   |    0|
+---------------------+---------+-------+---------+---------+-----+

+ Detail: 
    * Instance: 
    +--------------------+---------+---------+-------+----+-----+-----+
    |      Instance      |  Module | BRAM_18K| DSP48E| FF | LUT | URAM|
    +--------------------+---------+---------+-------+----+-----+-----+
    |grp_dct_1d2_fu_213  |dct_1d2  |        0|      1|  84|  215|    0|
    +--------------------+---------+---------+-------+----+-----+-----+
    |Total               |         |        0|      1|  84|  215|    0|
    +--------------------+---------+---------+-------+----+-----+-----+

    * DSP48E: 
    N/A

    * Memory: 
    +--------------+-------------------+---------+---+----+-----+------+-----+------+-------------+
    |    Memory    |       Module      | BRAM_18K| FF| LUT| URAM| Words| Bits| Banks| W*Bits*Banks|
    +--------------+-------------------+---------+---+----+-----+------+-----+------+-------------+
    |row_outbuf_U  |dct_2d_row_outbuf  |        1|  0|   0|    0|    64|   16|     1|         1024|
    |col_outbuf_U  |dct_2d_row_outbuf  |        1|  0|   0|    0|    64|   16|     1|         1024|
    |col_inbuf_U   |dct_2d_row_outbuf  |        1|  0|   0|    0|    64|   16|     1|         1024|
    +--------------+-------------------+---------+---+----+-----+------+-----+------+-------------+
    |Total         |                   |        3|  0|   0|    0|   192|   48|     3|         3072|
    +--------------+-------------------+---------+---+----+-----+------+-----+------+-------------+

    * FIFO: 
    N/A

    * Expression: 
    +-------------------------+----------+-------+---+----+------------+------------+
    |      Variable Name      | Operation| DSP48E| FF| LUT| Bitwidth P0| Bitwidth P1|
    +-------------------------+----------+-------+---+----+------------+------------+
    |add_ln81_fu_246_p2       |     +    |      0|  0|  15|           7|           1|
    |add_ln84_1_fu_327_p2     |     +    |      0|  0|  15|           8|           8|
    |add_ln84_fu_296_p2       |     +    |      0|  0|  15|           8|           8|
    |add_ln92_fu_356_p2       |     +    |      0|  0|  15|           7|           1|
    |add_ln95_1_fu_406_p2     |     +    |      0|  0|  15|           8|           8|
    |add_ln95_fu_437_p2       |     +    |      0|  0|  15|           8|           8|
    |i_4_fu_307_p2            |     +    |      0|  0|  12|           4|           1|
    |i_5_fu_344_p2            |     +    |      0|  0|  12|           4|           1|
    |i_6_fu_417_p2            |     +    |      0|  0|  12|           4|           1|
    |i_fu_234_p2              |     +    |      0|  0|  12|           4|           1|
    |j_2_fu_362_p2            |     +    |      0|  0|  12|           4|           1|
    |j_fu_252_p2              |     +    |      0|  0|  12|           4|           1|
    |icmp_ln76_fu_228_p2      |   icmp   |      0|  0|  11|           4|           5|
    |icmp_ln81_fu_240_p2      |   icmp   |      0|  0|  11|           7|           8|
    |icmp_ln83_fu_258_p2      |   icmp   |      0|  0|  11|           4|           5|
    |icmp_ln87_fu_338_p2      |   icmp   |      0|  0|  11|           4|           5|
    |icmp_ln92_fu_350_p2      |   icmp   |      0|  0|  11|           7|           8|
    |icmp_ln94_fu_368_p2      |   icmp   |      0|  0|  11|           4|           5|
    |select_ln84_1_fu_272_p3  |  select  |      0|  0|   4|           1|           4|
    |select_ln84_fu_264_p3    |  select  |      0|  0|   4|           1|           1|
    |select_ln95_1_fu_382_p3  |  select  |      0|  0|   4|           1|           4|
    |select_ln95_fu_374_p3    |  select  |      0|  0|   4|           1|           1|
    |ap_enable_pp0            |    xor   |      0|  0|   2|           1|           2|
    |ap_enable_pp1            |    xor   |      0|  0|   2|           1|           2|
    |ap_enable_reg_pp0_iter1  |    xor   |      0|  0|   2|           2|           1|
    |ap_enable_reg_pp1_iter1  |    xor   |      0|  0|   2|           2|           1|
    +-------------------------+----------+-------+---+----+------------+------------+
    |Total                    |          |      0|  0| 252|         110|          92|
    +-------------------------+----------+-------+---+----+------------+------------+

    * Multiplexer: 
    +-------------------------------+----+-----------+-----+-----------+
    |              Name             | LUT| Input Size| Bits| Total Bits|
    +-------------------------------+----+-----------+-----+-----------+
    |ap_NS_fsm                      |  47|         10|    1|         10|
    |ap_enable_reg_pp0_iter1        |  15|          3|    1|          3|
    |ap_enable_reg_pp1_iter1        |  15|          3|    1|          3|
    |ap_phi_mux_j_0_phi_fu_150_p4   |   9|          2|    4|          8|
    |ap_phi_mux_j_1_phi_fu_195_p4   |   9|          2|    4|          8|
    |col_inbuf_address0             |  15|          3|    6|         18|
    |col_inbuf_ce0                  |  15|          3|    1|          3|
    |col_outbuf_address0            |  15|          3|    6|         18|
    |col_outbuf_ce0                 |  15|          3|    1|          3|
    |col_outbuf_we0                 |   9|          2|    1|          2|
    |grp_dct_1d2_fu_213_dst_offset  |  15|          3|    4|         12|
    |grp_dct_1d2_fu_213_src_offset  |  15|          3|    4|         12|
    |grp_dct_1d2_fu_213_src_q0      |  15|          3|   16|         48|
    |i_0_reg_123                    |   9|          2|    4|          8|
    |i_1_reg_157                    |   9|          2|    4|          8|
    |i_2_reg_168                    |   9|          2|    4|          8|
    |i_3_reg_202                    |   9|          2|    4|          8|
    |in_block_ce0                   |   9|          2|    1|          2|
    |indvar_flatten11_reg_180       |   9|          2|    7|         14|
    |indvar_flatten_reg_135         |   9|          2|    7|         14|
    |j_0_reg_146                    |   9|          2|    4|          8|
    |j_1_reg_191                    |   9|          2|    4|          8|
    |row_outbuf_address0            |  15|          3|    6|         18|
    |row_outbuf_ce0                 |  15|          3|    1|          3|
    |row_outbuf_we0                 |   9|          2|    1|          2|
    +-------------------------------+----+-----------+-----+-----------+
    |Total                          | 329|         69|   97|        249|
    +-------------------------------+----+-----------+-----+-----------+

    * Register: 
    +---------------------------------+---+----+-----+-----------+
    |               Name              | FF| LUT| Bits| Const Bits|
    +---------------------------------+---+----+-----+-----------+
    |ap_CS_fsm                        |  9|   0|    9|          0|
    |ap_enable_reg_pp0_iter0          |  1|   0|    1|          0|
    |ap_enable_reg_pp0_iter1          |  1|   0|    1|          0|
    |ap_enable_reg_pp1_iter0          |  1|   0|    1|          0|
    |ap_enable_reg_pp1_iter1          |  1|   0|    1|          0|
    |grp_dct_1d2_fu_213_ap_start_reg  |  1|   0|    1|          0|
    |i_0_reg_123                      |  4|   0|    4|          0|
    |i_1_reg_157                      |  4|   0|    4|          0|
    |i_2_reg_168                      |  4|   0|    4|          0|
    |i_3_reg_202                      |  4|   0|    4|          0|
    |i_5_reg_491                      |  4|   0|    4|          0|
    |i_reg_452                        |  4|   0|    4|          0|
    |icmp_ln81_reg_457                |  1|   0|    1|          0|
    |icmp_ln92_reg_496                |  1|   0|    1|          0|
    |indvar_flatten11_reg_180         |  7|   0|    7|          0|
    |indvar_flatten_reg_135           |  7|   0|    7|          0|
    |j_0_reg_146                      |  4|   0|    4|          0|
    |j_1_reg_191                      |  4|   0|    4|          0|
    |select_ln84_1_reg_471            |  4|   0|    4|          0|
    |select_ln84_reg_466              |  4|   0|    4|          0|
    |select_ln95_1_reg_510            |  4|   0|    4|          0|
    |select_ln95_reg_505              |  4|   0|    4|          0|
    +---------------------------------+---+----+-----+-----------+
    |Total                            | 78|   0|   78|          0|
    +---------------------------------+---+----+-----+-----------+



================================================================
== Interface
================================================================
* Summary: 
+--------------------+-----+-----+------------+--------------+--------------+
|      RTL Ports     | Dir | Bits|  Protocol  | Source Object|    C Type    |
+--------------------+-----+-----+------------+--------------+--------------+
|ap_clk              |  in |    1| ap_ctrl_hs |    dct_2d    | return value |
|ap_rst              |  in |    1| ap_ctrl_hs |    dct_2d    | return value |
|ap_start            |  in |    1| ap_ctrl_hs |    dct_2d    | return value |
|ap_done             | out |    1| ap_ctrl_hs |    dct_2d    | return value |
|ap_idle             | out |    1| ap_ctrl_hs |    dct_2d    | return value |
|ap_ready            | out |    1| ap_ctrl_hs |    dct_2d    | return value |
|in_block_address0   | out |    6|  ap_memory |   in_block   |     array    |
|in_block_ce0        | out |    1|  ap_memory |   in_block   |     array    |
|in_block_q0         |  in |   16|  ap_memory |   in_block   |     array    |
|out_block_address0  | out |    6|  ap_memory |   out_block  |     array    |
|out_block_ce0       | out |    1|  ap_memory |   out_block  |     array    |
|out_block_we0       | out |    1|  ap_memory |   out_block  |     array    |
|out_block_d0        | out |   16|  ap_memory |   out_block  |     array    |
+--------------------+-----+-----+------------+--------------+--------------+

